| test.c:4:10:4:10 | p |
| test.c:6:11:6:11 | s |
| test.c:10:9:10:9 | s |
