| test.c:3:32:14:1 | { ... } | Variable $@ goes out of scope here. | test.c:4:10:4:10 | p | p |
| test.c:3:32:14:1 | { ... } | Variable $@ goes out of scope here. | test.c:10:9:10:9 | s | s |
| test.c:9:3:9:19 | ExprStmt | Variable $@ goes out of scope here. | test.c:6:11:6:11 | s | s |
