| test.c:9:16:9:17 | * ... | Access of dangling pointer p. |
