| test.c:4:10:4:10 | p | test.c:4:3:4:11 | declaration |
| test.c:6:11:6:11 | s | test.c:6:5:6:29 | declaration |
| test.c:10:9:10:9 | s | test.c:10:3:10:27 | declaration |
